2025 Feb 27 13:21:00|24661|162231336|0|0|recon P|3907018532
2025 Mar 30 20:32:44|1185|405150154|0|0|clear|468850520
2025 Apr  1 17:59:06|933|192973974|0|0|recon D4|175824920
2025 Apr  6 06:50:58|24657|162257654|0|0|check P|3907018532
2025 Apr 13 06:50:14|24613|162547718|0|0|check P|3907018532
2025 Apr 18 23:02:50|14010|142783647|0|0|recon D1 Q|1953514552
2025 Apr 19 13:43:40|12060|165870556|0|0|clear|1953514552
2025 Apr 20 00:20:52|28195|141897038|0|0|check P Q|3907018532
2025 Apr 21 07:15:51|3916|0|-4|0|check P Q|3907018532
2025 Jul 13 14:38:12|99203|40329294|0|0|recon P|3907018532
2025 Jul 17 01:54:46|20340|98348029|0|0|clear|1953514552
2025 Jul 20 15:45:40|56739|70512116|0|0|check P|3907018532
2025 Aug 10 13:41:27|49286|81174917|0|0|check P|3907018532
2025 Aug 24 11:50:48|42647|93811686|0|0|check P|3907018532
2025 Aug 31 14:28:07|52086|76811177|0|0|check P|3907018532
2025 Sep 14 07:48:28|28107|0|-4|0|check P|3907018532
2025 Sep 21 14:42:43|52962|75540708|0|0|check P|3907018532
2025 Oct  5 10:12:50|36769|0|-4|0|check P|3907018532
2025 Oct 12 09:58:37|35916|111392888|0|0|check|3907018532
2025 Oct 14 12:46:44|20286|98609825|0|0|recon D5|1953514552
2025 Oct 19 15:55:48|57347|69764538|0|0|check P|3907018532
2025 Oct 26 14:23:27|51806|77226325|0|0|check P|3907018532
2025 Nov  2 06:23:37|26616|150315110|0|488378638|check P|3907018532
2025 Nov 23 13:58:44|50323|79502156|0|0|check P|3907018532
2025 Nov 30 18:00:57|64856|61687230|0|0|recon P|3907018532
2025 Dec 14 07:23:31|26610|150349003|0|488243192|check P|3907018532
2025 Dec 16 15:57:23|229|0|-4|0|recon P|3907018532
2025 Dec 16 16:25:54|14|0|-4|0|recon P|3907018532
2025 Dec 17 09:57:21|54689|73155241|0|0|recon P|3907018532
2025 Dec 19 03:19:54|30391|131643808|0|0|recon P|3907018532
2025 Dec 21 07:23:35|26614|150326406|0|0|check P|3907018532
2026 Aug  3 14:26:59|10|0|-4|0|recon P Q|3907018532
2026 Aug  3 16:33:23|17|0|-4|0|recon P Q|3907018532
2026 Aug  3 16:37:17|166|0|-4|0|recon P|3907018532
2026 Aug  4 00:10:18|26634|150213523|0|0|recon P|3907018532
2026 Aug  9 07:39:00|27539|145277133|0|0|check P|3907018532
2026 Aug 16 08:00:30|28829|138776474|0|0|check P|3907018532
